input:
  0:
    1:
    2:
      3:
        4:
        5:
        6:
    7:
    8:
output: |
  0: (0, [(4, 3), (5, 3), (6, 3), (3, 2)])
  1: (1, [])
  2: (1, [(4, 3), (5, 3), (6, 3)])
  3: (2, [(0, 0)])
  4: (3, [(0, 0), (2, 1)])
  5: (3, [(0, 0), (2, 1)])
  6: (3, [(0, 0), (2, 1)])
  7: (1, [])
  8: (1, [])
output_0: |
  0: (0, [(1, 1), (4, 3), (5, 3), (6, 3), (3, 2), (2, 1), (7, 1), (8, 1)])
  1: (1, [(0, 0)])
  2: (1, [(0, 0), (4, 3), (5, 3), (6, 3), (3, 2)])
  3: (2, [(0, 0), (2, 1), (4, 3), (5, 3), (6, 3)])
  4: (3, [(0, 0), (2, 1), (3, 2)])
  5: (3, [(0, 0), (2, 1), (3, 2)])
  6: (3, [(0, 0), (2, 1), (3, 2)])
  7: (1, [(0, 0)])
  8: (1, [(0, 0)])
