input:
  0:
    1:
      2:
        3:
          4:
            5:
output: |
  0: (0, [(5, 5), (4, 4), (3, 3), (2, 2)])
  1: (1, [(5, 5), (4, 4), (3, 3)])
  2: (2, [(0, 0), (5, 5), (4, 4)])
  3: (3, [(0, 0), (1, 1), (5, 5)])
  4: (4, [(0, 0), (1, 1), (2, 2)])
  5: (5, [(0, 0), (1, 1), (2, 2), (3, 3)])

output_0: |
  0: (0, [(5, 5), (4, 4), (3, 3), (2, 2), (1, 1)])
  1: (1, [(0, 0), (5, 5), (4, 4), (3, 3), (2, 2)])
  2: (2, [(0, 0), (1, 1), (5, 5), (4, 4), (3, 3)])
  3: (3, [(0, 0), (1, 1), (2, 2), (5, 5), (4, 4)])
  4: (4, [(0, 0), (1, 1), (2, 2), (3, 3), (5, 5)])
  5: (5, [(0, 0), (1, 1), (2, 2), (3, 3), (4, 4)])
