input:
  0:
    1:
    2:
      3:
        4:
        5:
        6:
    7:
    8:
output: |
  0: [[0], [0, 1], [0, 2], [0, 7], [0, 8], [2, 3], [3, 4], [3, 5], [3, 6]]
  1: [[0, 1]]
  2: [[0, 2], [2, 3], [3, 4], [3, 5], [3, 6]]
  3: [[0, 2, 3], [3, 4], [3, 5], [3, 6]]
  4: [[0, 2, 3, 4]]
  5: [[0, 2, 3, 5]]
  6: [[0, 2, 3, 6]]
  7: [[0, 7]]
  8: [[0, 8]]
