input:
  0:
    1:
      2:
        is_abstract:
        3:
          is_abstract:
          4:
          5:
      6:
        is_abstract:
        7:
          8:
            is_abstract:
            9:
      10:
        11:
        12:
output: |
  [0]
      [1]
          [4]
          [5]
          [7]
              [9]
          [10]
              [11]
              [12]
is_multi_ordinal: true
