input:
  0:
    1:
      2:
        3:
          4:
            is_abstract:
            5:
output: |
  [0]
      [1]
          [2]
              [3]
                  [5]
is_multi_ordinal: false
