input:
  0:
    1:
    2:
      3:
        4:
        5:
        6:
    7:
    8:
is_multi_ordinal: true
contains_abstract_nodes: false
output: |
  [0]
      [1]
      [2]
          [3]
              [4]
              [5]
              [6]
      [7]
      [8]
