input:
  0:
    1:
      2:
        is_abstract:
        3:
          is_abstract:
          4:
          5:
      6:
        is_abstract:
        7:
          8:
            is_abstract:
            9:
      10:
        11:
        12:
is_multi_ordinal: true
contains_abstract_nodes: true
output: |
  [0]
      [1]
          [2, abstract]
              [3, abstract]
                  [4]
                  [5]
          [6, abstract]
              [7]
                  [8, abstract]
                      [9]
          [10]
              [11]
              [12]
